CPC7301:  File QDDSSRC created in library AITSK00019.
CPC7305:  Member MENU added to file QDDSSRC in AITSK00019.
CPC7301:  File MENU created in library AITSK00019.
  5770SS1 V7R5M0  220415                  Data Description               AITSK00019/MENU          8/23/26 16:28:31        Page    1
  File name . . . . . . . . . . . . . . . . . . . . . :   MENU
    Library name  . . . . . . . . . . . . . . . . . . :   AITSK00019
  File attribute  . . . . . . . . . . . . . . . . . . :   Display
  Source file containing DDS  . . . . . . . . . . . . :   QDDSSRC
    Library name  . . . . . . . . . . . . . . . . . . :   AITSK00019
  Source member containing DDS  . . . . . . . . . . . :   MENU
  Source member last changed  . . . . . . . . . . . . :   08/26/26  16:28:30
  Source listing options  . . . . . . . . . . . . . . :   *SOURCE    *LIST      *NOSECLVL  *NOEVENTF
  DDS generation severity level . . . . . . . . . . . :   20
  DDS flagging severity level . . . . . . . . . . . . :   00
  Authority . . . . . . . . . . . . . . . . . . . . . :   *LIBCRTAUT
  Replace file  . . . . . . . . . . . . . . . . . . . :   *YES
  Text  . . . . . . . . . . . . . . . . . . . . . . . :
  Compiler  . . . . . . . . . . . . . . . . . . . . . :   IBM System i5 Data Description Processor
                                       Data Description Source
  SEQNBR  *...+....1....+....2....+....3....+....4....+....5....+....6....+....7....+....8  Date
       1       A* Free Form Menu: MENU
       2       A                                      DSPSIZ(24 80 *DS3                  -
       3       A                                             27 132 *DS4)
       4       A                                      CHGINPDFT
       5       A                                      INDARA
       6       A                                      PRINT(*LIBL/QSYSPRT)
       7       A          R MENU
 *                  CPD5235-.*********
 *                  CPD8111-**********
       8       A                                      DSPMOD(*DS3)
       9       A                                      LOCK
      10       A                                      SLNO(01)
      11       A                                      CLRL(*ALL)
 *                                            CPD8018-*
      12       A                                      ALWROL
 *                                            CPD8018-*
      13       A                                      CF03
      14       A                                      HELP
      15       A                                      HOME
      16       A                                      HLPRTN
      17       A                                  1  2'MENU'
      18       A                                      COLOR(BLU)
      19       A                                  1 29'Agentic Coding Demo Menu'
      20       A                                      DSPATR(HI)
      21       A                                      COLOR(WHT)
      22       A                                  3  2'Select one of the following:'
      23       A                                      COLOR(BLU)
      24       A                                  5  7'1. Work with Customers'
      25       A                                  6  7'2. Work with Customers (RPGOA)'
      26       A                                  7  7'3. Work with Customers (EJS)'
      27       A                                  8  7'4. Go to PERP menu (PERPMNU)'
      28       A                                 10  6'90. Sign off'
      29       A* CMDPROMPT  Do not delete this DDS spec.
      30       A                                021  2'Selection:                        -
      31       A                                          '
                          * * * * *   E N D   O F   S O U R C E   * * * * *
  5770SS1 V7R5M0  220415                  Data Description               AITSK00019/MENU          8/23/26 16:28:31        Page    2
                                           Expanded Source
                                                                                           Field       Buffer position
  SEQNBR  *...+....1....+....2....+....3....+....4....+....5....+....6....+....7....+....8 length        Out     In
       2                                              DSPSIZ(24 80 *DS3                  -
       2                                                     27 132 *DS4) CHGINPDFT +
       5                                              INDARA PRINT(*LIBL/QSYSPRT)
       7                  R MENU                      DSPMOD(*DS3) LOCK SLNO(01) +
      11                                              CLRL(*ALL) ALWROL CF03 HELP HOME +
      16                                              HLPRTN
      17                                          1  2'MENU' COLOR(BLU)                        4
      19                                          1 29'Agentic Coding Demo Menu' +            24
      20                                              DSPATR(HI) COLOR(WHT)
      22                                          3  2'Select one of the following:' +        28
      23                                              COLOR(BLU)
      24                                          5  7'1. Work with Customers'                22
      25                                          6  7'2. Work with Customers (RPGOA)'        30
      26                                          7  7'3. Work with Customers (EJS)'          28
      27                                          8  7'4. Go to PERP menu (PERPMNU)'          28
      28                                         10  6'90. Sign off'                          12
      30                                         21  2'Selection:                        -    38
      30                                                  '
                  * * * * *   E N D   O F   E X P A N D E D   S O U R C E   * * * * *
  5770SS1 V7R5M0  220415                  Data Description               AITSK00019/MENU          8/23/26 16:28:31        Page    3
                                              Messages
     ID      Severity  Number
 * CPD5235      10        1      Message . . . . :   Record name same as name of file being created.
 * CPD8018      10        2      Message . . . . :   Keyword may not function as expected with DSPMOD.
 * CPD8111      10        1      Message . . . . :   Record may not function as expected.
  5770SS1 V7R5M0  220415                  Data Description               AITSK00019/MENU          8/23/26 16:28:31        Page    4
                                           Message Summary
     Total          Informational          Warning        Error       Severe
                        (0-9)              (10-19)       (20-29)      (30-99)
         4                 0                    4             0            0
 * CPC7301      00               Message . . . . :   File MENU created in library AITSK00019.
                          * * * * *   E N D   O F   C O M P I L A T I O N   * * * * *
