CPI2119:  AUT and USRPRF parameter values were ignored.
CPI2121:  Replaced object WRKCUSTR type *PGM was moved to QRPLOBJ.
RNS9304:  Program WRKCUSTR placed in library AITSK00051. 00 highest severity. Created on 07/24/26 at 15:53:41.
CPC0904:  Data area RETURNCODE created in library QTEMP.
  5770WDS V7R5M0  220415 RN        IBM ILE RPG             AITSK00051/WRKCUSTR      IDEV       07/24/26 15:53:41        Page      1
   Command  . . . . . . . . . . . . :   CRTBNDRPG
     Issued by  . . . . . . . . . . :     AIDEMO
   Program  . . . . . . . . . . . . :   WRKCUSTR
     Library  . . . . . . . . . . . :     AITSK00051
   Text 'description' . . . . . . . :   *SRCMBRTXT
   Source stream file   . . . . . . :   qrpglesrc/wrkcustr.rpgle
     CCSID  . . . . . . . . . . . . :     1208
   Target CCSID . . . . . . . . . . :   *JOB (37)
   Text 'description' . . . . . . . :
   Last Change  . . . . . . . . . . :   07/24/26  15:48:58
   Generation severity level  . . . :   10
   Default activation group . . . . :   *YES
   Compiler options . . . . . . . . :   *XREF      *GEN       *NOSECLVL  *SHOWCPY
                                        *EXPDDS    *EXT       *NOSHOWSKP *NOSRCSTMT
                                        *DEBUGIO   *UNREF     *NOEVENTF
   Debugging views  . . . . . . . . :   *STMT
   Debug encryption key . . . . . . :   *NONE
   Output . . . . . . . . . . . . . :   *PRINT
   Optimization level . . . . . . . :   *NONE
   Source listing indentation . . . :   *NONE
   Type conversion options  . . . . :   *NONE
   Sort sequence  . . . . . . . . . :   *HEX
   Language identifier  . . . . . . :   *JOBRUN
   Replace program  . . . . . . . . :   *YES
   User profile . . . . . . . . . . :   *USER
   Authority  . . . . . . . . . . . :   *LIBCRTAUT
   Truncate numeric . . . . . . . . :   *YES
   Fix numeric  . . . . . . . . . . :   *NONE
   Target release . . . . . . . . . :   *CURRENT
   Allow null values  . . . . . . . :   *NO
   Define condition names . . . . . :   *NONE
   Enable performance collection  . :   *PEP
   Profiling data . . . . . . . . . :   *NOCOL
   Licensed Internal Code options . :
   Generate program interface . . . :   *NO
   Include directory  . . . . . . . :   .
   Preprocessor options . . . . . . :   *NONE
   Require prototype for export . . :   *NO
  5770WDS V7R5M0  220415 RN        IBM ILE RPG             AITSK00051/WRKCUSTR      IDEV       07/24/26 15:53:41        Page      2
 Line   <---------------------- Source Specifications ----------------------------------------------------->  Do  Change Src Seq
 Number ....+....1....+....2....+....3....+....4....+....5....+....6....+....7....+....8....+....9....+...10  Num Date   Id  Number
                           S o u r c e   L i s t i n g
      1 **free                                                                                                               000001
      2                                                                                                                      000002
      3 /////////////////////                                                                                                000003
      4 // Work with Customers                                                                                               000004
      5 /////////////////////                                                                                                000005
      6                                                                                                                      000006
      7 ctl-opt dftactgrp(*no) actgrp(*new);                                                                                 000007
      8 ctl-opt bnddir('CUST');                                                                                              000008
      9                                                                                                                      000009
         *--------------------------------------------------------------------*
         * Compiler Options in Effect:                                        *
         *--------------------------------------------------------------------*
         *  Text 'description' . . . . . . . :                                *
         *  Generation severity level  . . . :   10                           *
         *  Default activation group . . . . :   *NO                          *
         *  Compiler options . . . . . . . . :   *XREF      *GEN              *
         *                                       *NOSECLVL  *SHOWCPY          *
         *                                       *EXPDDS    *EXT              *
         *                                       *NOSHOWSKP *NOSRCSTMT        *
         *                                       *DEBUGIO   *UNREF            *
         *                                       *NOEVENTF                    *
         *  Optimization level . . . . . . . :   *NONE                        *
         *  Source listing indentation . . . :   *NONE                        *
         *  Type conversion options  . . . . :   *NONE                        *
         *  Sort sequence  . . . . . . . . . :   *HEX                         *
         *  Language identifier  . . . . . . :   *JOBRUN                      *
         *  User profile . . . . . . . . . . :   *USER                        *
         *  Authority  . . . . . . . . . . . :   *LIBCRTAUT                   *
         *  Truncate numeric . . . . . . . . :   *YES                         *
         *  Fix numeric  . . . . . . . . . . :   *NONE                        *
         *  Allow null values  . . . . . . . :   *NO                          *
         *  Storage model . . .  . . . . . . :   *SNGLVL                      *
         *  Binding directory from Command . :   *NONE                        *
         *  Binding directory from Source  . :   CUST                         *
         *    Library  . . . . . . . . . . . :     *LIBL                      *
         *  Activation group . . . . . . . . :   *NEW                         *
         *  Enable performance collection  . :   *PEP                         *
         *  Profiling data . . . . . . . . . :   *NOCOL                       *
         *  Generate program interface . . . :   *NO                          *
         *  Require prototype for export . . :   *NO                          *
         *--------------------------------------------------------------------*
     10 dcl-f wrkcustd workstn sfile(custsfl : rrn) sfile(custmsgsfl : msgrrn);                                              000010
         *--------------------------------------------------------------------------------------------*
         *                               RPG name         External name                               *
         * File name. . . . . . . . . :  WRKCUSTD         AITSK00051/WRKCUSTD                         *
         * Record format(s) . . . . . :  CUSTSFL          CUSTSFL                                     *
         *                               CUSTCTL          CUSTCTL                                     *
         *                               CUSTFOOT         CUSTFOOT                                    *
         *                               CUSTNONE         CUSTNONE                                    *
         *                               CUSTMSGSFL       CUSTMSGSFL                                  *
  5770WDS V7R5M0  220415 RN        IBM ILE RPG             AITSK00051/WRKCUSTR      IDEV       07/24/26 15:53:41        Page      3
 Line   <---------------------- Source Specifications ----------------------------------------------------->  Do  Change Src Seq
 Number ....+....1....+....2....+....3....+....4....+....5....+....6....+....7....+....8....+....9....+...10  Num Date   Id  Number
         *                               CUSTMSGCTL       CUSTMSGCTL                                  *
         *--------------------------------------------------------------------------------------------*
     11                                                                                                                      000011
     12 /copy custr_pr.rpgle                                                                                                 000012
 Line   <---------------------- Source Specifications ----------------------------><---- Comments ----> Do  Page  Change Src Seq
 Number ....1....+....2....+....3....+....4....+....5....+....6....+....7....+....8....+....9....+...10 Num Line  Date   Id  Number
         *--------------------------------------------------------------------------------------------*
         * RPG member name  . . . . . :  custr_pr.+                                                   *                     1
         * External name  . . . . . . :  qrpglesrc/custr_pr.rpgle                                     *                     1
         * Last change  . . . . . . . :  07/24/26  03:57:06                                           *                     1
         *--------------------------------------------------------------------------------------------*
     13+                                                                                                                    1000001
     14+  dcl-ds cust_rec extname('CUSTP') qualified template end-ds;                                                       1000002
         *--------------------------------------------------------------------------------------------*                     2
         * Data structure . . . . . . :  CUST_REC                                                     *                     2
         * External format  . . . . . :  CUSMSTR : AITSK00051/CUSTP                                   *                     2
         * Format text  . . . . . . . :  Customer Master Record                                       *                     2
         *--------------------------------------------------------------------------------------------*                     2
     15=D CUSTNO                         6P 0                                      Customer Number                          2000001
     16=D CNAME                         40A                                        Customer Name                            2000002
     17=D CADDR1                        40A                                        Address Line 1                           2000003
     18=D CADDR2                        40A                                        Address Line 2                           2000004
     19=D CCITY                         30A                                        City                                     2000005
     20=D CSTATE                         2A                                        State Code                               2000006
     21=D CZIP                          10A                                        Zip/Postal Code                          2000007
     22=D CPHONE                        15A                                        Phone Number                             2000008
     23=D CEMAIL                        60A                                        Email Address                            2000009
     24=D CSTATUS                        1A                                        Customer Status A/I/S                    2000010
     25=D CTYPE                          1A                                        Customer Type R/B                        2000011
     26=D CLIMIT                        11P 2                                      Credit Limit                             2000012
     27=D CBALANCE                      11P 2                                      Current Balance                          2000013
     28=D CLASTORD                       8S 0                                      Last Order Date YYYYMMDD                 2000014
     29=D CCREATED                       8S 0                                      Date Created YYYYMMDD                    2000015
     30+                                                                                                                    1000003
     31+  dcl-pr cust_get varchar(80);                                                                                      1000004
     32+    custno like(cust_rec.custno) const;                                                                             1000005
     33+    customer likeds(cust_rec);                                                                                      1000006
     34+    found ind;                                                                                                      1000007
     35+  end-pr;                                                                                                           1000008
     36+                                                                                                                    1000009
     37+  dcl-pr cust_list varchar(80);                                                                                     1000010
     38+    customers like(cust_rec) dim(9999);                                                                             1000011
     39+    limit int(10) const;                                                                                            1000012
     40+    returned int(10);                                                                                               1000013
     41+    filter varchar(50) const options(*omit : *nopass);                                                              1000014
     42+  end-pr;                                                                                                           1000015
 Line   <---------------------- Source Specifications ----------------------------------------------------->  Do  Change Src Seq
 Number ....+....1....+....2....+....3....+....4....+....5....+....6....+....7....+....8....+....9....+...10  Num Date   Id  Number
     43                                                                                                                      000013
     44 dcl-ds statusDS psds qualified;                                                                                      000014
  5770WDS V7R5M0  220415 RN        IBM ILE RPG             AITSK00051/WRKCUSTR      IDEV       07/24/26 15:53:41        Page      4
 Line   <---------------------- Source Specifications ----------------------------------------------------->  Do  Change Src Seq
 Number ....+....1....+....2....+....3....+....4....+....5....+....6....+....7....+....8....+....9....+...10  Num Date   Id  Number
     45   programName char(10) pos(334);                                                                                     000015
     46 end-ds;                                                                                                              000016
     47                                                                                                                      000017
     48 dcl-pr wrkcust1r extpgm;                                                                                             000018
     49   custno like(cust_rec.custno) const;                                                                                000019
     50 end-pr;                                                                                                              000020
     51                                                                                                                      000021
     52 dcl-s numCustomers int(10);                                                                                          000022
     53 dcl-ds customers likeds(cust_rec) dim(9999);                                                                         000023
     54 dcl-s custerror varchar(80);                                                                                         000024
     55                                                                                                                      000025
     56 dcl-s msgrrn int(10);                                                                                                000026
     57 dcl-s rrn int(10);                                                                                                   000027
     58 dcl-s i int(10);                                                                                                     000028
     59 dcl-s selrrn int(10);                                                                                                000029
     60 dcl-s validOpt ind;                                                                                                  000030
     61 dcl-s findCust like(sfndcustno);                                                                                     000031
     62 dcl-s filter like(sfilter);                                                                                          000032
     63 dcl-s foundCustomer ind;                                                                                             000033
     64                                                                                                                      000034
     65=ICUSTSFL                                                                                                            3000001
         *--------------------------------------------------------------------------------------------*                     3
         * RPG record format  . . . . :  CUSTSFL                                                      *                     3
         * External format  . . . . . :  CUSTSFL : AITSK00051/WRKCUSTD                                *                     3
         *--------------------------------------------------------------------------------------------*                     3
     66=I                             A    1    2  SOPT                                                                     3000002
     67=I                             S    3    8 0SCUSTNO                                                                  3000003
     68=I                             A    9    9  SSTATUS                                                                  3000004
     69=I                             A   10   29  SNAME                                                                    3000005
     70=I                             A   30   54  SEMAIL                                                                   3000006
     71=I                             A   55   69  SPHONE                                                                   3000007
     72=I                             A   70  133  SADDR                                                                    3000008
     73=ICUSTCTL                                                                                                            4000001
         *--------------------------------------------------------------------------------------------*                     4
         * RPG record format  . . . . :  CUSTCTL                                                      *                     4
         * External format  . . . . . :  CUSTCTL : AITSK00051/WRKCUSTD                                *                     4
         *--------------------------------------------------------------------------------------------*                     4
     74=I                             N    1    1  *IN03                           Exit                                     4000002
     75=I                             S    2    7 0SFNDCUSTNO                                                               4000003
     76=I                             A    8   55  SFILTER                                                                  4000004
     77=ICUSTFOOT                                                                                                           5000001
         *--------------------------------------------------------------------------------------------*                     5
         * RPG record format  . . . . :  CUSTFOOT                                                     *                     5
         * External format  . . . . . :  CUSTFOOT : AITSK00051/WRKCUSTD                               *                     5
         *--------------------------------------------------------------------------------------------*                     5
     78=ICUSTNONE                                                                                                           6000001
         *--------------------------------------------------------------------------------------------*                     6
         * RPG record format  . . . . :  CUSTNONE                                                     *                     6
         * External format  . . . . . :  CUSTNONE : AITSK00051/WRKCUSTD                               *                     6
         *--------------------------------------------------------------------------------------------*                     6
     79=ICUSTMSGSFL                                                                                                         7000001
         *--------------------------------------------------------------------------------------------*                     7
         * RPG record format  . . . . :  CUSTMSGSFL                                                   *                     7
         * External format  . . . . . :  CUSTMSGSFL : AITSK00051/WRKCUSTD                             *                     7
  5770WDS V7R5M0  220415 RN        IBM ILE RPG             AITSK00051/WRKCUSTR      IDEV       07/24/26 15:53:41        Page      5
 Line   <---------------------- Source Specifications ----------------------------------------------------->  Do  Change Src Seq
 Number ....+....1....+....2....+....3....+....4....+....5....+....6....+....7....+....8....+....9....+...10  Num Date   Id  Number
         *--------------------------------------------------------------------------------------------*                     7
     80=I                             A    1    4  SMSGKEY                                                                  7000002
     81=I                             A    5   14  SPGMQ                                                                    7000003
     82=ICUSTMSGCTL                                                                                                         8000001
         *--------------------------------------------------------------------------------------------*                     8
         * RPG record format  . . . . :  CUSTMSGCTL                                                   *                     8
         * External format  . . . . . :  CUSTMSGCTL : AITSK00051/WRKCUSTD                             *                     8
         *--------------------------------------------------------------------------------------------*                     8
     83 dow not *in03;                                                                                       B01             000035
     84                                                                                                                      000036
     85   // Clear error messages.                                                                                           000037
     86   exsr clearMSGSFL;                                                                                   01             000038
     87                                                                                                                      000039
     88   // Get customer list.                                                                                              000040
     89   exsr getCustomers;                                                                                  01             000041
     90                                                                                                                      000042
     91   // Write function key label footer.                                                                                000043
     92   sfkeys = 'F3=Exit';                                                                                 01             000044
     93   if numCustomers <> 0;                                                                              B02             000045
     94     sfkeys = %trim(sfkeys) + '  F11=Fold/Unfold';                                                     02             000046
     95   endif;                                                                                             E02             000047
     96   write custfoot;                                                                                     01             000048
     97                                                                                                                      000049
     98   // If no customers, set subfile display indicator off and write "no customers" screen.                             000050
     99   // Otherwise load subfile set subfile display indicator on.                                                        000051
    100   if numCustomers = 0;                                                                               B02             000052
    101     *in30 = *off;                                                                                     02             000053
    102     write custnone;                                                                                   02             000054
    103   else;                                                                                              X02             000055
    104     exsr loadSFL;                                                                                     02             000056
    105     *in30 = *on;                                                                                      02             000057
    106   endif;                                                                                             E02             000058
    107                                                                                                                      000059
    108   // Set error message subfile display, if necessary.                                                                000060
    109   if msgrrn = 0;                                                                                     B02             000061
    110     *in40 = *off;                                                                                     02             000062
    111   else;                                                                                              X02             000063
    112     *in40 = *on;                                                                                      02             000064
    113     write custmsgctl;                                                                                 02             000065
    114   endif;                                                                                             E02             000066
    115                                                                                                                      000067
    116   // Set subfile options.                                                                                            000068
    117   if numCustomers = 0;                                                                               B02             000069
    118     soptdesc = '';                                                                                    02             000070
    119   else;                                                                                              X02             000071
    120     soptdesc = '5=Display';                                                                           02             000072
    121   endif;                                                                                             E02             000073
    122                                                                                                                      000074
    123   // Display the screen.                                                                                             000075
    124   sfndcustno = findCust;                                                                              01             000076
    125   sfilter = filter;                                                                                   01             000077
    126   exfmt custctl;                                                                                      01             000078
    127                                                                                                                      000079
    128   // Process function keys.                                                                                          000080
  5770WDS V7R5M0  220415 RN        IBM ILE RPG             AITSK00051/WRKCUSTR      IDEV       07/24/26 15:53:41        Page      6
 Line   <---------------------- Source Specifications ----------------------------------------------------->  Do  Change Src Seq
 Number ....+....1....+....2....+....3....+....4....+....5....+....6....+....7....+....8....+....9....+...10  Num Date   Id  Number
    129   exsr processFKeys;                                                                                  01             000081
    130                                                                                                                      000082
    131   // Process find/filter.                                                                                            000083
    132   if sfndcustno <> findCust or sfilter <> filter;                                                    B02             000084
    133     if sfndcustno <> findCust;                                                                       B03             000085
    134       findCust = sfndcustno;                                                                          03             000086
    135       filter = '';                                                                                    03             000087
    136     elseif sfilter <> filter;                                                                        X03             000088
    137       filter = sfilter;                                                                               03             000089
    138       findCust = 0;                                                                                   03             000090
    139     endif;                                                                                           E03             000091
    140     iter;                                                                                             02             000092
    141   endif;                                                                                             E02             000093
    142                                                                                                                      000094
    143   // Process selection if subfile is displayed.                                                                      000095
    144   if *in30;                                                                                          B02             000096
    145     dou sopt = '' or isValidOption(sopt);                                                            B03             000097
    146       selrrn = 0;                                                                                     03             000098
    147       sopt = '';                                                                                      03             000099
    148       readc custsfl;                                                                                  03             000100
    149       dow not %eof(wrkcustd);                                                                        B04             000101
    150         if sopt <> '';                                                                               B05             000102
    151           if selrrn = 0;                                                                             B06             000103
    152             selrrn = rrn;                                                                             06             000104
    153           else;                                                                                      X06             000105
    154             sopt = '';                                                                                06             000106
    155           endif;                                                                                     E06             000107
    156         endif;                                                                                       E05             000108
    157         *in50 = *off;                                                                                 04             000109
    158         *in51 = *off;                                                                                 04             000110
    159         update custsfl;                                                                               04             000111
    160         readc custsfl;                                                                                04             000112
    161       enddo;                                                                                         E04             000113
    162       if selrrn <> 0;                                                                                B04             000114
    163         chain selrrn custsfl;                                                                         04             000115
    164         if not isValidOption(sopt);                                                                  B05             000116
    165           exsr clearMSGSFL;                                                                           05             000117
    166           writeMSGSFL('Invalid option: ' + %trim(sopt));                                              05             000118
    167           *in40 = *on;                                                                                05             000119
    168           write custmsgctl;                                                                           05             000120
    169           *in50 = *on;                                                                                05             000121
    170           *in51 = *on;                                                                                05             000122
    171           update custsfl;                                                                             05             000123
    172           *in50 = *off;                                                                               05             000124
    173           *in51 = *off;                                                                               05             000125
    174           exfmt custctl;                                                                              05             000126
    175           exsr processFKeys;                                                                          05             000127
    176         endif;                                                                                       E05             000128
    177       endif;                                                                                         E04             000129
    178     enddo;                                                                                           E03             000130
    179     select;                                                                                          B03             000131
    180       when %trim(sopt) = '5';                                                                        X03             000132
    181         wrkcust1r(scustno);                                                                           03             000133
    182     endsl;                                                                                           E03             000134
    183   endif;                                                                                             E02             000135
    184                                                                                                                      000136
  5770WDS V7R5M0  220415 RN        IBM ILE RPG             AITSK00051/WRKCUSTR      IDEV       07/24/26 15:53:41        Page      7
 Line   <---------------------- Source Specifications ----------------------------------------------------->  Do  Change Src Seq
 Number ....+....1....+....2....+....3....+....4....+....5....+....6....+....7....+....8....+....9....+...10  Num Date   Id  Number
    185 enddo;                                                                                               E01             000137
    186                                                                                                                      000138
    187 *inlr = *on;                                                                                                         000139
    188                                                                                                                      000140
    189 begsr getCustomers;                                                                                                  000141
    190   if findCust <> 0;                                                                                  B01             000142
    191     numCustomers = 0;                                                                                 01             000143
    192     custError = cust_get(findCust : customers(1) : foundCustomer);                                    01             000144
    193     if foundCustomer;                                                                                B02             000145
    194       numCustomers = 1;                                                                               02             000146
    195     endif;                                                                                           E02             000147
    196   else;                                                                                              X01             000148
    197     custError = cust_list(customers : %elem(customers) : numCustomers : %trim(filter));               01             000149
    198   endif;                                                                                             E01             000150
    199   if custError <> '';                                                                                B01             000151
    200     writeMSGSFL(custError);                                                                           01             000152
    201   endif;                                                                                             E01             000153
    202 endsr;                                                                                                               000154
    203                                                                                                                      000155
    204 begsr clearSFL;                                                                                                      000156
    205   rrn = 0;                                                                                                           000157
    206   *in31 = *on;                                                                                                       000158
    207   write custctl;                                                                                                     000159
    208   *in31 = *off;                                                                                                      000160
    209 endsr;                                                                                                               000161
    210                                                                                                                      000162
    211 begsr loadSFL;                                                                                                       000163
    212   exsr clearSFL;                                                                                                     000164
    213   for i = 1 to numCustomers;                                                                         B01             000165
    214     *in50 = *off;                                                                                     01             000166
    215     *in51 = *off;                                                                                     01             000167
    216     sopt = '';                                                                                        01             000168
    217     scustno = customers(i).custno;                                                                    01             000169
    218     sstatus = customers(i).cstatus;                                                                   01             000170
    219     sname = customers(i).cname;                                                                       01             000171
    220     saddr = %trim(customers(i).caddr1) + ' ' + %trim(customers(i).caddr2) + ' ' +                     01             000172
    221             %trim(customers(i).ccity) + ', ' + customers(i).cstate + ' ' + customers(i).czip;         01             000173
    222     semail = customers(i).cemail;                                                                     01             000174
    223     sphone = customers(i).cphone;                                                                     01             000175
    224     rrn += 1;                                                                                         01             000176
    225     write custsfl;                                                                                    01             000177
    226   endfor;                                                                                            E01             000178
    227 endsr;                                                                                                               000179
    228                                                                                                                      000180
    229 begsr clearMSGSFL;                                                                                                   000181
    230   msgrrn = 0;                                                                                                        000182
    231   *in41 = *on;                                                                                                       000183
    232   write custmsgctl;                                                                                                  000184
    233   *in41 = *off;                                                                                                      000185
    234 endsr;                                                                                                               000186
    235                                                                                                                      000187
    236 begsr processFKeys;                                                                                                  000188
    237   if *in03; // Exit                                                                                  B01             000189
    238     *inlr = *on;                                                                                      01             000190
    239     return;                                                                                           01             000191
    240   endif;                                                                                             E01             000192
  5770WDS V7R5M0  220415 RN        IBM ILE RPG             AITSK00051/WRKCUSTR      IDEV       07/24/26 15:53:41        Page      8
 Line   <---------------------- Source Specifications ----------------------------------------------------->  Do  Change Src Seq
 Number ....+....1....+....2....+....3....+....4....+....5....+....6....+....7....+....8....+....9....+...10  Num Date   Id  Number
    241 endsr;                                                                                                               000193
    242                                                                                                                      000194
    243=OCUSTSFL                                                                                                            9000001
         *--------------------------------------------------------------------------------------------*                     9
         * RPG record format  . . . . :  CUSTSFL                                                      *                     9
         * External format  . . . . . :  CUSTSFL : AITSK00051/WRKCUSTD                                *                     9
         *--------------------------------------------------------------------------------------------*                     9
    244=O                       *IN50                2N CHAR        1                                                       9000002
    245=O                       *IN51                1N CHAR        1                                                       9000003
    246=O                       SOPT                 4A CHAR        2                                                       9000004
    247=O                       SCUSTNO             10S ZONE      6,0                                                       9000005
    248=O                       SSTATUS             11A CHAR        1                                                       9000006
    249=O                       SNAME               31A CHAR       20                                                       9000007
    250=O                       SEMAIL              56A CHAR       25                                                       9000008
    251=O                       SPHONE              71A CHAR       15                                                       9000009
    252=O                       SADDR              135A CHAR       64                                                       9000010
    253=OCUSTCTL                                                                                                           10000001
         *--------------------------------------------------------------------------------------------*                    10
         * RPG record format  . . . . :  CUSTCTL                                                      *                    10
         * External format  . . . . . :  CUSTCTL : AITSK00051/WRKCUSTD                                *                    10
         *--------------------------------------------------------------------------------------------*                    10
    254=O                       *IN30                2N CHAR        1                                                      10000002
    255=O                       *IN31                1N CHAR        1                                                      10000003
    256=O                       SFNDCUSTNO           8S ZONE      6,0                                                      10000004
    257=O                       SFILTER             56A CHAR       48                                                      10000005
    258=O                       SOPTDESC           133A CHAR       77                                                      10000006
    259=OCUSTFOOT                                                                                                          11000001
         *--------------------------------------------------------------------------------------------*                    11
         * RPG record format  . . . . :  CUSTFOOT                                                     *                    11
         * External format  . . . . . :  CUSTFOOT : AITSK00051/WRKCUSTD                               *                    11
         *--------------------------------------------------------------------------------------------*                    11
    260=O                       SFKEYS              77A CHAR       77                                                      11000002
    261=OCUSTNONE                                                                                                          12000001
         *--------------------------------------------------------------------------------------------*                    12
         * RPG record format  . . . . :  CUSTNONE                                                     *                    12
         * External format  . . . . . :  CUSTNONE : AITSK00051/WRKCUSTD                               *                    12
         *--------------------------------------------------------------------------------------------*                    12
    262=OCUSTMSGSFL                                                                                                        13000001
         *--------------------------------------------------------------------------------------------*                    13
         * RPG record format  . . . . :  CUSTMSGSFL                                                   *                    13
         * External format  . . . . . :  CUSTMSGSFL : AITSK00051/WRKCUSTD                             *                    13
         *--------------------------------------------------------------------------------------------*                    13
    263=O                       SMSGKEY              4A CHAR        4                                                      13000002
    264=O                       SPGMQ               14A CHAR       10                                                      13000003
    265=OCUSTMSGCTL                                                                                                        14000001
         *--------------------------------------------------------------------------------------------*                    14
         * RPG record format  . . . . :  CUSTMSGCTL                                                   *                    14
         * External format  . . . . . :  CUSTMSGCTL : AITSK00051/WRKCUSTD                             *                    14
         *--------------------------------------------------------------------------------------------*                    14
    266=O                       *IN40                2N CHAR        1                                                      14000002
    267=O                       *IN41                1N CHAR        1                                                      14000003
    268 dcl-proc writeMSGSFL;                                                                                                000195
  5770WDS V7R5M0  220415 RN        IBM ILE RPG             AITSK00051/WRKCUSTR      IDEV       07/24/26 15:53:41        Page      9
 Line   <---------------------- Source Specifications ----------------------------------------------------->  Do  Change Src Seq
 Number ....+....1....+....2....+....3....+....4....+....5....+....6....+....7....+....8....+....9....+...10  Num Date   Id  Number
    269   dcl-pi *n;                                                                                                         000196
    270     msgData varchar(80) const options(*varsize);                                                                     000197
    271   end-pi;                                                                                                            000198
    272                                                                                                                      000199
    273   dcl-pr QMHSNDPM extpgm;                                                                                            000200
    274     msgId char(7) const;                                                                                             000201
    275     msgF char(20) const;                                                                                             000202
    276     msgData char(80) const;                                                                                          000203
    277     msgDataLen int(10) const;                                                                                        000204
    278     msgType char(10) const;                                                                                          000205
    279     stackEntry char(10) const;                                                                                       000206
    280     stackCounter int(10) const;                                                                                      000207
    281     msgKey char(4);                                                                                                  000208
    282     errorCode char(8) const;                                                                                         000209
    283   end-pr;                                                                                                            000210
    284                                                                                                                      000211
    285   dcl-s data char(80);                                                                                               000212
    286                                                                                                                      000213
    287   data = msgData;                                                                                                    000214
    288   QMHSNDPM(                                                                                                          000215
    289     'CPF9897' :                                                                                                      000216
    290     'QCPFMSG   QSYS      ' :                                                                                         000217
    291     data :                                                                                                           000218
    292     %len(msgData) :                                                                                                  000219
    293     '*INFO     ' :                                                                                                   000220
    294     '*         ' :                                                                                                   000221
    295     1 :                                                                                                              000222
    296     smsgkey :                                                                                                        000223
    297     x'0000000000000000'                                                                                              000224
    298   );                                                                                                                 000225
    299   msgrrn += 1;                                                                                                       000226
    300   spgmq = statusDS.programName;                                                                                      000227
    301   write custmsgsfl;                                                                                                  000228
    302                                                                                                                      000229
    303 end-proc;                                                                                                            000230
    304                                                                                                                      000231
    305 dcl-proc isValidOption;                                                                                              000232
    306   dcl-pi *n ind;                                                                                                     000233
    307     option char(2) const;                                                                                            000234
    308   end-pi;                                                                                                            000235
    309                                                                                                                      000236
    310   select;                                                                                            B01             000237
    311     when %trim(option) = '5';                                                                        X01             000238
    312       return *on;                                                                                     01             000239
    313     other;                                                                                           X01             000240
    314       return *off;                                                                                    01             000241
    315   endsl;                                                                                             E01             000242
    316                                                                                                                      000243
    317 end-proc;                                                                                                            000244
        * * * * *   E N D   O F   S O U R C E   * * * * *
  5770WDS V7R5M0  220415 RN        IBM ILE RPG             AITSK00051/WRKCUSTR      IDEV       07/24/26 15:53:41        Page     10
 Line   <---------------------- Source Specifications ----------------------------------------------------->  Do  Change Src Seq
 Number ....+....1....+....2....+....3....+....4....+....5....+....6....+....7....+....8....+....9....+...10  Num Date   Id  Number
  5770WDS V7R5M0  220415 RN        IBM ILE RPG             AITSK00051/WRKCUSTR      IDEV       07/24/26 15:53:41        Page     11
           A d d i t i o n a l   D i a g n o s t i c   M e s s a g e s
  Msg id  Sv Number Seq     Message text
  * * * * *   E N D   O F   A D D I T I O N A L   D I A G N O S T I C   M E S S A G E S   * * * * *
                  O u t p u t   B u f f e r   P o s i t i o n s
 Line   Start End   Field or Constant
 Number Pos   Pos
    244     2     2 *IN50
    245     1     1 *IN51
    246     3     4 SOPT
    247     5    10 SCUSTNO
    248    11    11 SSTATUS
    249    12    31 SNAME
    250    32    56 SEMAIL
    251    57    71 SPHONE
    252    72   135 SADDR
    244     2     2 *IN50
    245     1     1 *IN51
    246     3     4 SOPT
    247     5    10 SCUSTNO
    248    11    11 SSTATUS
    249    12    31 SNAME
    250    32    56 SEMAIL
    251    57    71 SPHONE
    252    72   135 SADDR
    254     2     2 *IN30
    255     1     1 *IN31
    256     3     8 SFNDCUSTNO
    257     9    56 SFILTER
    258    57   133 SOPTDESC
    254     2     2 *IN30
    255     1     1 *IN31
    256     3     8 SFNDCUSTNO
    257     9    56 SFILTER
    258    57   133 SOPTDESC
    260     1    77 SFKEYS
    260     1    77 SFKEYS
    263     1     4 SMSGKEY
    264     5    14 SPGMQ
    263     1     4 SMSGKEY
    264     5    14 SPGMQ
    266     2     2 *IN40
    267     1     1 *IN41
    266     2     2 *IN40
    267     1     1 *IN41
  * * * * *   E N D   O F   O U T P U T   B U F F E R   P O S I T I O N   *  * * * *
                             / C o p y   M e m b e r s
 Line   Src  RPG name   <-------- External name -------> CCSID  <- Last change ->
 Number Id              Library    File       Member            Date     Time
  5770WDS V7R5M0  220415 RN        IBM ILE RPG             AITSK00051/WRKCUSTR      IDEV       07/24/26 15:53:41        Page     12
     12    1 custr_pr.+ qrpglesrc/custr_pr.rpgle          1208  07/24/26 03:57:06
          * * * * *   E N D   O F   / C O P Y   M E M B E R S   * * * * *
  5770WDS V7R5M0  220415 RN        IBM ILE RPG             AITSK00051/WRKCUSTR      IDEV       07/24/26 15:53:41        Page     13
                           C r o s s   R e f e r e n c e
       File and Record References:
          File              Device             References (D=Defined)
            Record
          WRKCUSTD          WORKSTN                10D    149
            CUSTSFL                                10D     65     148     159
                                                  160     163     171     225
                                                  243
            CUSTCTL                                10D     73     126     174
                                                  207     253
            CUSTFOOT                               10D     77      96     259
            CUSTNONE                               10D     78     102     261
            CUSTMSGSFL                             10D     79     262     301
            CUSTMSGCTL                             10D     82     113     168
                                                  232     265
       Global Field References:
          Field             Attributes         References (D=Defined M=Modified)
          *INLR             N(1)                  187M    238M
          *IN03             N(1)                   74D     83     237
          *IN30             N(1)                  101M    105M    144     254
          *IN31             N(1)                  206M    208M    255
          *IN40             N(1)                  110M    112M    167M    266
          *IN41             N(1)                  231M    233M    267
          *IN50             N(1)                  157M    169M    172M    214M
                                                  244
          *IN51             N(1)                  158M    170M    173M    215M
                                                  245
          CLEARMSGSFL       BEGSR                  86     165     229D
          CLEARSFL          BEGSR                 204D    212
          CUST_GET          A(80)                  31D    192
                            VARYING(2)
                            PROTOTYPE
          CUST_LIST         A(80)                  37D    197
                            VARYING(2)
                            PROTOTYPE
          CUST_REC          DS(271)                14D     32      33      38
                            TEMPLATE               49      53
 *RNF7031   CADDR1          A(40)                  17D
 *RNF7031   CADDR2          A(40)                  18D
 *RNF7031   CBALANCE        P(11,2)                27D
 *RNF7031   CCITY           A(30)                  19D
 *RNF7031   CCREATED        S(8,0)                 29D
 *RNF7031   CEMAIL          A(60)                  23D
 *RNF7031   CLASTORD        S(8,0)                 28D
 *RNF7031   CLIMIT          P(11,2)                26D
 *RNF7031   CNAME           A(40)                  16D
 *RNF7031   CPHONE          A(15)                  22D
 *RNF7031   CSTATE          A(2)                   20D
 *RNF7031   CSTATUS         A(1)                   24D
 *RNF7031   CTYPE           A(1)                   25D
            CUSTNO          P(6,0)                 15D     32      49
 *RNF7031   CZIP            A(10)                  21D
          CUSTERROR         A(80)                  54D    192M    197M    199
                            VARYING(2)            200
  5770WDS V7R5M0  220415 RN        IBM ILE RPG             AITSK00051/WRKCUSTR      IDEV       07/24/26 15:53:41        Page     14
          CUSTOMERS(9999)   DS(271)                53D    192     197     197
                                                  217     218     219     220
                                                  220     221     221     221
                                                  222     223
            CADDR1          A(40)                 220
            CADDR2          A(40)                 220
            CCITY           A(30)                 221
            CEMAIL          A(60)                 222
            CNAME           A(40)                 219
            CPHONE          A(15)                 223
            CSTATE          A(2)                  221
            CSTATUS         A(1)                  218
            CUSTNO          P(6,0)                217
            CZIP            A(10)                 221
          FILTER            A(48)                  62D    125     132     135M
                                                  136     137M    197
          FINDCUST          P(6,0)                 61D    124     132     133
                                                  134M    138M    190     192
          FOUNDCUSTOMER     N(1)                   63D    192     193
          GETCUSTOMERS      BEGSR                  89     189D
          I                 I(10,0)                58D    213     217     218
                                                  219     220     220     221
                                                  221     221     222     223
          ISVALIDOPTION     N(1)                  145     164     305
                            PROTOTYPE
          LOADSFL           BEGSR                 104     211D
          MSGRRN            I(10,0)                10      56D    109     230M
                                                  299M
          NUMCUSTOMERS      I(10,0)                52D     93     100     117
                                                  191M    194M    197     213
          PROCESSFKEYS      BEGSR                 129     175     236D
          RRN               I(10,0)                10      57D    152     205M
                                                  224M
          SADDR             A(64)                  72M    220M    252
          SCUSTNO           P(6,0)                 67M    181     217M    247
          SELRRN            I(10,0)                59D    146M    151     152M
                                                  162     163
          SEMAIL            A(25)                  70M    222M    250
          SFILTER           A(48)                  62      76M    125M    132
                                                  136     137     257
          SFKEYS            A(77)                  92M     94M     94     260
          SFNDCUSTNO        P(6,0)                 61      75M    124M    132
                                                  133     134     256
          SMSGKEY           A(4)                   80M    263     296
          SNAME             A(20)                  69M    219M    249
          SOPT              A(2)                   66M    145     145     147M
                                                  150     154M    164     166
                                                  180     216M    246
          SOPTDESC          A(77)                 118M    120M    258
          SPGMQ             A(10)                  81M    264     300M
          SPHONE            A(15)                  71M    223M    251
          SSTATUS           A(1)                   68M    218M    248
          STATUSDS          DS(343)                44D    300
            PROGRAMNAME     A(10)                  45D    300
 *RNF7031 VALIDOPT          N(1)                   60D
          WRITEMSGSFL       PROTOTYPE             166M    200M    268
          WRKCUST1R         PROTOTYPE              48D    181M
       Field References for subprocedure WRITEMSGSFL
  5770WDS V7R5M0  220415 RN        IBM ILE RPG             AITSK00051/WRKCUSTR      IDEV       07/24/26 15:53:41        Page     15
          Field             Attributes         References (D=Defined M=Modified)
          DATA              A(80)                 285D    287M    291
          MSGDATA           A(80)                 270D    287     292
                            BASED(_QRNL_PST+)
                            VARYING(2)
          QMHSNDPM          PROTOTYPE             273D    288M
       Field References for subprocedure ISVALIDOPTION
          Field             Attributes         References (D=Defined M=Modified)
          OPTION            A(2)                  307D    311
                            BASED(_QRNL_PST+)
       Indicator References:
          Indicator                            References (D=Defined M=Modified)
          03                                       74M     83     237
          30                                      101M    105M    144     254
          31                                      206M    208M    255
          40                                      110M    112M    167M    266
          41                                      231M    233M    267
          50                                      157M    169M    172M    214M
                                                  244
          51                                      158M    170M    173M    215M
                                                  245
          LR                                      187M    238M
        * * * * *   E N D   O F   C R O S S   R E F E R E N C E   * * * * *
  5770WDS V7R5M0  220415 RN        IBM ILE RPG             AITSK00051/WRKCUSTR      IDEV       07/24/26 15:53:41        Page     16
                       E x t e r n a l   R e f e r e n c e s
       Statically bound procedures:
          Procedure                            References
          CUST_GET                                 31     192
          CUST_LIST                                37     197
       Imported fields:
          Field             Attributes         Defined
          No references in the source.
       Exported fields:
          Field             Attributes         Defined
          No references in the source.
    * * * * *   E N D   O F   E X T E R N A L   R E F E R E N C E S   * * * * *
  5770WDS V7R5M0  220415 RN        IBM ILE RPG             AITSK00051/WRKCUSTR      IDEV       07/24/26 15:53:41        Page     17
                           M e s s a g e   S u m m a r y
  Msg id  Sv Number Message text
 *RNF7031 00     20 The name or indicator is not referenced.
        * * * * *   E N D   O F   M E S S A G E   S U M M A R Y   * * * * *
  5770WDS V7R5M0  220415 RN        IBM ILE RPG             AITSK00051/WRKCUSTR      IDEV       07/24/26 15:53:41        Page     18
                             F i n a l   S u m m a r y
   Message Totals:
     Information  (00) . . . . . . . :       20
     Warning      (10) . . . . . . . :        0
     Error        (20) . . . . . . . :        0
     Severe Error (30+)  . . . . . . :        0
     ---------------------------------  -------
     Total . . . . . . . . . . . . . :       20
   Source Totals:
     Records . . . . . . . . . . . . :      317
     Specifications  . . . . . . . . :      260
     Data records  . . . . . . . . . :        0
     Comments  . . . . . . . . . . . :       48
          * * * * *   E N D   O F   F I N A L   S U M M A R Y   * * * * *
 Program WRKCUSTR placed in library AITSK00051. 00 highest severity. Created on 07/24/26 at 15:53:41.
           * * * * *   E N D   O F   C O M P I L A T I O N   * * * * *
