CPI2126:  AUT parameter ignored.
CPI2121:  Replaced object WRKCUSTD type *FILE was moved to QRPLOBJ.
CPC7301:  File WRKCUSTD created in library AITSK00051.
  5770SS1 V7R5M0  220415                  Data Description               AITSK00051/WRKCUSTD      7/19/26 15:53:39        Page    1
  File name . . . . . . . . . . . . . . . . . . . . . :   WRKCUSTD
    Library name  . . . . . . . . . . . . . . . . . . :   AITSK00051
  File attribute  . . . . . . . . . . . . . . . . . . :   Display
  Source file containing DDS  . . . . . . . . . . . . :   QDDSSRC
    Library name  . . . . . . . . . . . . . . . . . . :   AITSK00051
  Source member containing DDS  . . . . . . . . . . . :   WRKCUSTD
  Source member last changed  . . . . . . . . . . . . :   07/24/26  15:53:39
  Source listing options  . . . . . . . . . . . . . . :   *SOURCE    *LIST      *NOSECLVL  *NOEVENTF
  DDS generation severity level . . . . . . . . . . . :   20
  DDS flagging severity level . . . . . . . . . . . . :   00
  Authority . . . . . . . . . . . . . . . . . . . . . :   *LIBCRTAUT
  Replace file  . . . . . . . . . . . . . . . . . . . :   *YES
  Text  . . . . . . . . . . . . . . . . . . . . . . . :
  Compiler  . . . . . . . . . . . . . . . . . . . . . :   IBM System i5 Data Description Processor
                                       Data Description Source
  SEQNBR  *...+....1....+....2....+....3....+....4....+....5....+....6....+....7....+....8  Date
       1       A                                      DSPSIZ(24 80 *DS3)
       2       A          R CUSTSFL                   SFL
       3       A  51                                  SFLNXTCHG
       4       A            SOPT           2A  B  9  2
       5       A  50                                  DSPATR(RI)
       6       A  50                                  DSPATR(PC)
       7       A            SCUSTNO        6S 0O  9  6
       8       A            SSTATUS        1A  O  9 15
       9       A            SNAME         20A  O  9 17
      10       A            SEMAIL        25A  O  9 39
      11       A            SPHONE        15A  O  9 66
      12       A                                 10  6'Address:'
      13       A                                      COLOR(WHT)
      14       A            SADDR         64A  O 10 15
      15       A          R CUSTCTL                   SFLCTL(CUSTSFL)
      16       A                                      SFLSIZ(0008)
      17       A                                      SFLPAG(0007)
      18       A                                      CA03(03 'Exit')
      19       A                                      OVERLAY
      20       A N31 30                               SFLDSP
      21       A                                      SFLDSPCTL
      22       A  31                                  SFLCLR
      23       A N31 30                               SFLEND
      24       A N31 30                               SFLDROP(CF11)
      25       A                                  1 31'Work with Customers'
      26       A                                      COLOR(WHT)
      27       A                                  3  2'Find customer by number . :'
      28       A            SFNDCUSTNO     6Y 0B  3 31EDTCDE(Z)
      29       A                                  4  2'Filter  . . . . . . . . . :'
      30       A            SFILTER       48A  B  4 31CHECK(LC)
      31       A                                  8  6'Cust #'
      32       A                                      COLOR(WHT)
      33       A                                  8 13'Status'
      34       A                                      COLOR(WHT)
      35       A                                  8 20'Name'
      36       A                                      COLOR(WHT)
      37       A                                  8  2'Opt'
      38       A                                      COLOR(WHT)
  5770SS1 V7R5M0  220415                  Data Description               AITSK00051/WRKCUSTD      7/19/26 15:53:39        Page    2
                                       Data Description Source
  SEQNBR  *...+....1....+....2....+....3....+....4....+....5....+....6....+....7....+....8  Date
      39       A                                  8 39'Primary Email'
      40       A                                      COLOR(WHT)
      41       A                                  8 66'Phone'
      42       A                                      COLOR(WHT)
      43       A            SOPTDESC      77   O  6  2COLOR(BLU)
      44       A          R CUSTFOOT
      45       A            SFKEYS        77A  O 23  2COLOR(BLU)
      46       A          R CUSTNONE
      47       A                                      OVERLAY
      48       A                                 10 26'** No customers to display **'
      49       A          R CUSTMSGSFL                SFL
      50       A                                      SFLMSGRCD(24)
      51       A            SMSGKEY                   SFLMSGKEY
      52       A            SPGMQ                     SFLPGMQ(10)
      53       A          R CUSTMSGCTL                SFLCTL(CUSTMSGSFL)
      54       A                                      OVERLAY
      55       A N41 40                               SFLDSP
      56       A  41                                  SFLCLR
      57       A N41 40                               SFLEND
      58       A                                      SFLSIZ(0002)
      59       A                                      SFLPAG(0001)
                          * * * * *   E N D   O F   S O U R C E   * * * * *
  5770SS1 V7R5M0  220415                  Data Description               AITSK00051/WRKCUSTD      7/19/26 15:53:39        Page    3
                                           Expanded Source
                                                                                           Field       Buffer position
  SEQNBR  *...+....1....+....2....+....3....+....4....+....5....+....6....+....7....+....8 length        Out     In
       1                                              DSPSIZ(24 80 *DS3)
                * Option indicator output buffer positions:
                *  *IN50 0002   *IN51 0001
       2                  R CUSTSFL                   SFL
       3          51                                  SFLNXTCHG
       4                    SOPT           2A  B  9  2                                         2            3       1
       5          50                                  DSPATR(RI)
       6          50                                  DSPATR(PC)
       7                    SCUSTNO        6S 0O  9  6                                         6            5       3
       8                    SSTATUS        1A  O  9 15                                         1           11       9
       9                    SNAME         20A  O  9 17                                        20           12      10
      10                    SEMAIL        25A  O  9 39                                        25           32      30
      11                    SPHONE        15A  O  9 66                                        15           57      55
      12                                         10  6'Address:' COLOR(WHT)                    8
      14                    SADDR         64A  O 10 15                                        64           72      70
                * Option indicator output buffer positions:
                *  *IN30 0002   *IN31 0001
                * Response indicator input buffer positions:
                *  *IN03 0001
      15                  R CUSTCTL
                  *DS3                                SFLSIZ(0008) SFLPAG(007)
      15                                              SFLCTL(CUSTSFL) CA03(03 'Exit') +
      19                                              OVERLAY
      20         N31 30                               SFLDSP
      21                                              SFLDSPCTL
      22          31                                  SFLCLR
      23         N31 30                               SFLEND
      24         N31 30                               SFLDROP(CF11)
      25                                          1 31'Work with Customers' COLOR(WHT)        19
      27                                          3  2'Find customer by number . :'           27
      28                    SFNDCUSTNO     6Y 0B  3 31EDTCDE(Z)                                6            3       2
      29                                          4  2'Filter  . . . . . . . . . :'           27
      30                    SFILTER       48A  B  4 31CHECK(LC)                               48            9       8
      31                                          8  6'Cust #' COLOR(WHT)                      6
      33                                          8 13'Status' COLOR(WHT)                      6
      35                                          8 20'Name' COLOR(WHT)                        4
      37                                          8  2'Opt' COLOR(WHT)                         3
      39                                          8 39'Primary Email' COLOR(WHT)              13
      41                                          8 66'Phone' COLOR(WHT)                       5
      43                    SOPTDESC      77A  O  6  2COLOR(BLU)                              77           57
      44                  R CUSTFOOT
      45                    SFKEYS        77A  O 23  2COLOR(BLU)                              77            1
      46                  R CUSTNONE                  OVERLAY
      48                                         10 26'** No customers to display **'         29
      49                  R CUSTMSGSFL
                  *DS3                                SFLMSGRCD(24)
      49                                              SFL
      51                    SMSGKEY                   SFLMSGKEY                                4            1       1
      52                    SPGMQ                     SFLPGMQ(10)                             10            5       5
                * Option indicator output buffer positions:
                *  *IN40 0002   *IN41 0001
      53                  R CUSTMSGCTL
                  *DS3                                SFLSIZ(0002) SFLPAG(001)
  5770SS1 V7R5M0  220415                  Data Description               AITSK00051/WRKCUSTD      7/19/26 15:53:39        Page    4
                                           Expanded Source
                                                                                           Field       Buffer position
  SEQNBR  *...+....1....+....2....+....3....+....4....+....5....+....6....+....7....+....8 length        Out     In
      53                                              SFLCTL(CUSTMSGSFL) OVERLAY
      55         N41 40                               SFLDSP
      56          41                                  SFLCLR
      57         N41 40                               SFLEND
                  * * * * *   E N D   O F   E X P A N D E D   S O U R C E   * * * * *
  5770SS1 V7R5M0  220415                  Data Description               AITSK00051/WRKCUSTD      7/19/26 15:53:39        Page    5
                                           Message Summary
     Total          Informational          Warning        Error       Severe
                        (0-9)              (10-19)       (20-29)      (30-99)
         0                 0                    0             0            0
 * CPC7301      00               Message . . . . :   File WRKCUSTD created in library AITSK00051.
                          * * * * *   E N D   O F   C O M P I L A T I O N   * * * * *
