CPC7301:  File HYLSGCU11 created in library AITSK00030.
CPI3210:  File HYLSGCU11 in AITSK00030 shares access path.
CPC7305:  Member HYLSGCU11 added to file HYLSGCU11 in AITSK00030.
  5770SS1 V7R5M0  220415                  Data Description               AITSK00030/HYLSGCU11     6/14/26 12:53:16        Page    1
  File name . . . . . . . . . . . . . . . . . . . . . :   HYLSGCU11
    Library name  . . . . . . . . . . . . . . . . . . :   AITSK00030
  File attribute  . . . . . . . . . . . . . . . . . . :   Logical
  Source file containing DDS  . . . . . . . . . . . . :   QDDSSRC
    Library name  . . . . . . . . . . . . . . . . . . :   AITSK00030
  Source member containing DDS  . . . . . . . . . . . :   HYLSGCU11
  Source member last changed  . . . . . . . . . . . . :   06/15/26  12:53:16
  Source listing options  . . . . . . . . . . . . . . :   *SOURCE    *LIST      *NOSECLVL  *NOEVENTF
  DDS generation severity level . . . . . . . . . . . :   20
  DDS flagging severity level . . . . . . . . . . . . :   00
  File type . . . . . . . . . . . . . . . . . . . . . :   *DATA
  Authority . . . . . . . . . . . . . . . . . . . . . :   *LIBCRTAUT
  Replace file  . . . . . . . . . . . . . . . . . . . :   *NO
  Text  . . . . . . . . . . . . . . . . . . . . . . . :
  Compiler  . . . . . . . . . . . . . . . . . . . . . :   IBM System i5 Data Description Processor
                                       Data Description Source
  SEQNBR  *...+....1....+....2....+....3....+....4....+....5....+....6....+....7....+....8  Date
       1        *******************************************************************
       2        * FILE NAME:   HYLSGCU11
       3        * DESCRIPTION: Shipment Group Customer - reverse-engineered LF
       4        * Notes:       Original HYLSGCU11.LF is not in the HornadyDemo
       5        *              package but is F-spec'd in HYR0600.SQLRPGLE.
       6        *              Keys chosen to mirror HYLSGCU1 (the closest sibling).
       7        *******************************************************************
       8       A          R HYRSGCU                   PFILE(HYPSGCU)
       9        *
      10       A          K GCGRP#
      11       A          K GCCPTY
      12       A          K GCBLTO
      13       A          K GCSHTO
      14       A          K GCDSHP
                          * * * * *   E N D   O F   S O U R C E   * * * * *
  5770SS1 V7R5M0  220415                  Data Description               AITSK00030/HYLSGCU11     6/14/26 12:53:16        Page    2
                                           Expanded Source
                                                                                           Field       Buffer position
  SEQNBR  *...+....1....+....2....+....3....+....4....+....5....+....6....+....7....+....8 length        Out     In
       8                  R HYRSGCU                   PFILE(HYPSGCU)
      10                  K GCGRP#
      11                  K GCCPTY
      12                  K GCBLTO
      13                  K GCSHTO
      14                  K GCDSHP
                  * * * * *   E N D   O F   E X P A N D E D   S O U R C E   * * * * *
  5770SS1 V7R5M0  220415                  Data Description               AITSK00030/HYLSGCU11     6/14/26 12:53:16        Page    3
                                           Message Summary
     Total          Informational          Warning        Error       Severe
                        (0-9)              (10-19)       (20-29)      (30-99)
         0                 0                    0             0            0
 * CPC7301      00               Message . . . . :   File HYLSGCU11 created in library AITSK00030.
                          * * * * *   E N D   O F   C O M P I L A T I O N   * * * * *
