CPC7301:  File HYLSGCU1 created in library AITSK00030.
CPC7305:  Member HYLSGCU1 added to file HYLSGCU1 in AITSK00030.
  5770SS1 V7R5M0  220415                  Data Description               AITSK00030/HYLSGCU1      6/14/26 12:53:12        Page    1
  File name . . . . . . . . . . . . . . . . . . . . . :   HYLSGCU1
    Library name  . . . . . . . . . . . . . . . . . . :   AITSK00030
  File attribute  . . . . . . . . . . . . . . . . . . :   Logical
  Source file containing DDS  . . . . . . . . . . . . :   QDDSSRC
    Library name  . . . . . . . . . . . . . . . . . . :   AITSK00030
  Source member containing DDS  . . . . . . . . . . . :   HYLSGCU1
  Source member last changed  . . . . . . . . . . . . :   06/15/26  12:53:11
  Source listing options  . . . . . . . . . . . . . . :   *SOURCE    *LIST      *NOSECLVL  *NOEVENTF
  DDS generation severity level . . . . . . . . . . . :   20
  DDS flagging severity level . . . . . . . . . . . . :   00
  File type . . . . . . . . . . . . . . . . . . . . . :   *DATA
  Authority . . . . . . . . . . . . . . . . . . . . . :   *LIBCRTAUT
  Replace file  . . . . . . . . . . . . . . . . . . . :   *NO
  Text  . . . . . . . . . . . . . . . . . . . . . . . :
  Compiler  . . . . . . . . . . . . . . . . . . . . . :   IBM System i5 Data Description Processor
                                       Data Description Source
  SEQNBR  *...+....1....+....2....+....3....+....4....+....5....+....6....+....7....+....8  Date
       1        *******************************************************************
       2        * APPLICATION: Shipping                                           *
       3        * FILE NAME:   HYLSGCU1                                           *
       4        * DESCRIPTION: Shipment Group Customer - Current Day              *
       5        * WRITTEN BY:  William Earl (MCA)                                 *
       6        * DATE:        July 2018                                          *
       7        *                                                                 *
       8        *    Date     By   Description                                    *
       9        * ----------  ---  ---------------------------------------------- *
      10        * XX/XX/XXXX  XXX  XXXXXXXXXXXXXXXXXXXXXXXXXXXXXXXXXXXXXXXXXXXXXX *
      11        *******************************************************************
      12       A          R HYRSGCU                   PFILE(HYPSGCU)
      13        *
      14       A          K GCGRP#
      15       A          K GCCPTY
      16       A          K GCBLTO
      17       A          K GCSHTO
      18       A          K GCDSHP
      19        *
      20       A          S GCSTS                     COMP(EQ 'O')
      21       A          S GCSTS                     COMP(EQ 'C')
                          * * * * *   E N D   O F   S O U R C E   * * * * *
  5770SS1 V7R5M0  220415                  Data Description               AITSK00030/HYLSGCU1      6/14/26 12:53:12        Page    2
                                           Expanded Source
                                                                                           Field       Buffer position
  SEQNBR  *...+....1....+....2....+....3....+....4....+....5....+....6....+....7....+....8 length        Out     In
      12                  R HYRSGCU                   PFILE(HYPSGCU)
      14                  K GCGRP#
      15                  K GCCPTY
      16                  K GCBLTO
      17                  K GCSHTO
      18                  K GCDSHP
      20                  S GCSTS                     COMP(EQ 'O')
      21                  S GCSTS                     COMP(EQ 'C')
                  * * * * *   E N D   O F   E X P A N D E D   S O U R C E   * * * * *
  5770SS1 V7R5M0  220415                  Data Description               AITSK00030/HYLSGCU1      6/14/26 12:53:12        Page    3
                                           Message Summary
     Total          Informational          Warning        Error       Severe
                        (0-9)              (10-19)       (20-29)      (30-99)
         0                 0                    0             0            0
 * CPC7301      00               Message . . . . :   File HYLSGCU1 created in library AITSK00030.
                          * * * * *   E N D   O F   C O M P I L A T I O N   * * * * *
