CPC7301:  File HYLSSCC8 created in library AITSK00030.
CPC7305:  Member HYLSSCC8 added to file HYLSSCC8 in AITSK00030.
  5770SS1 V7R5M0  220415                  Data Description               AITSK00030/HYLSSCC8      6/14/26 12:53:21        Page    1
  File name . . . . . . . . . . . . . . . . . . . . . :   HYLSSCC8
    Library name  . . . . . . . . . . . . . . . . . . :   AITSK00030
  File attribute  . . . . . . . . . . . . . . . . . . :   Logical
  Source file containing DDS  . . . . . . . . . . . . :   QDDSSRC
    Library name  . . . . . . . . . . . . . . . . . . :   AITSK00030
  Source member containing DDS  . . . . . . . . . . . :   HYLSSCC8
  Source member last changed  . . . . . . . . . . . . :   06/15/26  12:53:20
  Source listing options  . . . . . . . . . . . . . . :   *SOURCE    *LIST      *NOSECLVL  *NOEVENTF
  DDS generation severity level . . . . . . . . . . . :   20
  DDS flagging severity level . . . . . . . . . . . . :   00
  File type . . . . . . . . . . . . . . . . . . . . . :   *DATA
  Authority . . . . . . . . . . . . . . . . . . . . . :   *LIBCRTAUT
  Replace file  . . . . . . . . . . . . . . . . . . . :   *NO
  Text  . . . . . . . . . . . . . . . . . . . . . . . :
  Compiler  . . . . . . . . . . . . . . . . . . . . . :   IBM System i5 Data Description Processor
                                       Data Description Source
  SEQNBR  *...+....1....+....2....+....3....+....4....+....5....+....6....+....7....+....8  Date
       1        *******************************************************************
       2        * APPLICATION: Shipping                                           *
       3        * FILE NAME:   HYLSSCC8                                           *
       4        * DESCRIPTION: Serial Shipping Container Code Content File and    *
       5        *              Serial Shipping Container Code Content Work File   *
       6        *                keyed by SRL#, ORD#, ORL#, BLN#, LOT#            *
       7        * WRITTEN BY:  William Earl (MCA)                                 *
       8        * DATE:        December 2010                                      *
       9        *                                                                 *
      10        *    Date     By   Description                                    *
      11        * ----------  ---  ---------------------------------------------  *
      12        * XX/XX/XXXX  XXX  XXXXXXXXXXXXXXXXXXXXXXXXXXXXXXXXXXXXXXXXXXXXX  *
      13        *******************************************************************
      14       A          R HYRSSCC                   PFILE(HYPSSCC)
      15        *
      16       A          K SCSRL#
      17       A          K SCORD#
      18       A          K SCORL#
      19       A          K SCBLN#
      20       A          K SCLOT#
      21        *
      22       A          R HYRSCWK                   PFILE(HYPSCWK)
      23        *
      24       A          K S1SRL#
      25       A          K S1ORD#
      26       A          K S1ORL#
      27       A          K S1BLN#
      28       A          K S1LOT#
      29        *
      30       A          S S1SRL#                    COMP(NE 0)
                          * * * * *   E N D   O F   S O U R C E   * * * * *
  5770SS1 V7R5M0  220415                  Data Description               AITSK00030/HYLSSCC8      6/14/26 12:53:21        Page    2
                                           Expanded Source
                                                                                           Field       Buffer position
  SEQNBR  *...+....1....+....2....+....3....+....4....+....5....+....6....+....7....+....8 length        Out     In
      14                  R HYRSSCC                   PFILE(HYPSSCC)
      16                  K SCSRL#
      17                  K SCORD#
      18                  K SCORL#
      19                  K SCBLN#
      20                  K SCLOT#
      22                  R HYRSCWK                   PFILE(HYPSCWK)
      24                  K S1SRL#
      25                  K S1ORD#
      26                  K S1ORL#
      27                  K S1BLN#
      28                  K S1LOT#
      30                  S S1SRL#                    COMP(NE 0)
                  * * * * *   E N D   O F   E X P A N D E D   S O U R C E   * * * * *
  5770SS1 V7R5M0  220415                  Data Description               AITSK00030/HYLSSCC8      6/14/26 12:53:21        Page    3
                                           Message Summary
     Total          Informational          Warning        Error       Severe
                        (0-9)              (10-19)       (20-29)      (30-99)
         0                 0                    0             0            0
 * CPC7301      00               Message . . . . :   File HYLSSCC8 created in library AITSK00030.
                          * * * * *   E N D   O F   C O M P I L A T I O N   * * * * *
