CPC7301:  File HYLSGDT3 created in library AITSK00030.
CPC7305:  Member HYLSGDT3 added to file HYLSGDT3 in AITSK00030.
  5770SS1 V7R5M0  220415                  Data Description               AITSK00030/HYLSGDT3      6/14/26 12:53:20        Page    1
  File name . . . . . . . . . . . . . . . . . . . . . :   HYLSGDT3
    Library name  . . . . . . . . . . . . . . . . . . :   AITSK00030
  File attribute  . . . . . . . . . . . . . . . . . . :   Logical
  Source file containing DDS  . . . . . . . . . . . . :   QDDSSRC
    Library name  . . . . . . . . . . . . . . . . . . :   AITSK00030
  Source member containing DDS  . . . . . . . . . . . :   HYLSGDT3
  Source member last changed  . . . . . . . . . . . . :   06/15/26  12:53:19
  Source listing options  . . . . . . . . . . . . . . :   *SOURCE    *LIST      *NOSECLVL  *NOEVENTF
  DDS generation severity level . . . . . . . . . . . :   20
  DDS flagging severity level . . . . . . . . . . . . :   00
  File type . . . . . . . . . . . . . . . . . . . . . :   *DATA
  Authority . . . . . . . . . . . . . . . . . . . . . :   *LIBCRTAUT
  Replace file  . . . . . . . . . . . . . . . . . . . :   *NO
  Text  . . . . . . . . . . . . . . . . . . . . . . . :
  Compiler  . . . . . . . . . . . . . . . . . . . . . :   IBM System i5 Data Description Processor
                                       Data Description Source
  SEQNBR  *...+....1....+....2....+....3....+....4....+....5....+....6....+....7....+....8  Date
       1        *******************************************************************
       2        * APPLICATION: Shipping                                           *
       3        * FILE NAME:   HYLSGDT3                                           *
       4        * DESCRIPTION: Shipment Group Detail                              *
       5        * WRITTEN BY:  William Earl (MCA)                                 *
       6        * DATE:        September 2018                                     *
       7        *                                                                 *
       8        *    Date     By   Description                                    *
       9        * ----------  ---  ---------------------------------------------- *
      10        * XX/XX/XXXX  XXX  XXXXXXXXXXXXXXXXXXXXXXXXXXXXXXXXXXXXXXXXXXXXXX *
      11        *******************************************************************
      12       A          R HYRSGDT                   PFILE(HYPSGDT)
      13        *
      14       A          K GDGRP#
      15       A          K GDBLTO
      16       A          K GDSHTO
      17       A          K GDDSHP
      18       A          K GDTURN
      19       A          K GDITEM
      20       A          K GDORD#
      21       A          K GDORL#
      22       A          K GDBLN#
      23       A          K GDRSEQ
      24       A          K GDSSCCBC
                          * * * * *   E N D   O F   S O U R C E   * * * * *
  5770SS1 V7R5M0  220415                  Data Description               AITSK00030/HYLSGDT3      6/14/26 12:53:20        Page    2
                                           Expanded Source
                                                                                           Field       Buffer position
  SEQNBR  *...+....1....+....2....+....3....+....4....+....5....+....6....+....7....+....8 length        Out     In
      12                  R HYRSGDT                   PFILE(HYPSGDT)
      14                  K GDGRP#
      15                  K GDBLTO
      16                  K GDSHTO
      17                  K GDDSHP
      18                  K GDTURN
      19                  K GDITEM
      20                  K GDORD#
      21                  K GDORL#
      22                  K GDBLN#
      23                  K GDRSEQ
      24                  K GDSSCCBC
                  * * * * *   E N D   O F   E X P A N D E D   S O U R C E   * * * * *
  5770SS1 V7R5M0  220415                  Data Description               AITSK00030/HYLSGDT3      6/14/26 12:53:20        Page    3
                                           Message Summary
     Total          Informational          Warning        Error       Severe
                        (0-9)              (10-19)       (20-29)      (30-99)
         0                 0                    0             0            0
 * CPC7301      00               Message . . . . :   File HYLSGDT3 created in library AITSK00030.
                          * * * * *   E N D   O F   C O M P I L A T I O N   * * * * *
