 5770SS1 V7R5M0 220415               Run SQL Statements             HYPPCLS                            06/15/26 12:53:08   PAGE   1
 Source stream file........hyppcls.table.sql
 Target release............V7R5M0
 Commit....................*NONE
 Naming....................*SYS
 Generation level..........10
 Date format...............*JOB
 Date separator............*JOB
 Time format...............*HMS
 Time separator ...........*JOB
 Right margin..............80
 Default collection........AITSK00030
 IBM SQL flagging..........*NOFLAG
 ANS flagging..............*NONE
 Decimal point.............*JOB
 Sort sequence.............*JOB
 Language ID...............*JOB
 Printer file..............*LIBL/QSYSPRT
 Source file CCSID.........1208
 Job CCSID.................37
 Statement processing......*RUN
 Allow copy of data........*OPTIMIZE
 Allow blocking............*ALLREAD
 SQL rules.................*DB2
 Decimal result options:
   Maximum precision.......31
   Maximum scale...........31
   Minimum divide scale....0
 Concurrent access
   resolution..............*DFT
 System time sensitive.....*YES
 Source member changed on 06/15/26  12:52:22
 5770SS1 V7R5M0 220415               Run SQL Statements             HYPPCLS                            06/15/26 12:53:08   PAGE     2
 Record  *...+... 1 ...+... 2 ...+... 3 ...+... 4 ...+... 5 ...+... 6 ...+... 7 ...+... 8   SEQNBR  Last change
       1 -- HYPPCLS - Pallet contents
       2 CREATE TABLE HYPPCLS (
       3   CSSRL#   DECIMAL(8,0)  NOT NULL DEFAULT 0,
       4   CSORD#   DECIMAL(8,0)  NOT NULL DEFAULT 0,
       5   CSTURN   DECIMAL(4,0)  NOT NULL DEFAULT 0,
       6   CSBOL#   DECIMAL(8,0)  NOT NULL DEFAULT 0,
       7   CSSTS    CHAR(1)       NOT NULL DEFAULT '',
       8   PRIMARY KEY (CSSRL#)
       9 ) RCDFMT HYRPCLS;
                                  * * * * *  E N D  O F  S O U R C E  * * * * *
 5770SS1 V7R5M0 220415               Run SQL Statements             HYPPCLS                            06/15/26 12:53:08   PAGE     3
 Record  *...+... 1 ...+... 2 ...+... 3 ...+... 4 ...+... 5 ...+... 6 ...+... 7 ...+... 8   SEQNBR  Last change
 MSG ID  SEV  RECORD  TEXT
 SQL7950   0       1  Position 1 Table HYPPCLS created in AITSK00030.
                     Message Summary
   Total     Info   Warning      Error   Severe  Terminal
       1        1         0          0        0         0
 00 level severity errors found in source
                                 * * * * *  E N D  O F  L I S T I N G  * * * * *
