CPI2126:  AUT parameter ignored.
CPI2121:  Replaced object WRKCNVD type *FILE was moved to QRPLOBJ.
CPC7301:  File WRKCNVD created in library PERPDEMO.
  5770SS1 V7R5M0  220415                  Data Description               PERPDEMO/WRKCNVD         8/16/26 17:35:52        Page    1
  File name . . . . . . . . . . . . . . . . . . . . . :   WRKCNVD
    Library name  . . . . . . . . . . . . . . . . . . :   PERPDEMO
  File attribute  . . . . . . . . . . . . . . . . . . :   Display
  Source file containing DDS  . . . . . . . . . . . . :   QDDSSRC
    Library name  . . . . . . . . . . . . . . . . . . :   PERPDEMO
  Source member containing DDS  . . . . . . . . . . . :   WRKCNVD
  Source member last changed  . . . . . . . . . . . . :   08/20/26  17:35:51
  Source listing options  . . . . . . . . . . . . . . :   *SOURCE    *LIST      *NOSECLVL  *NOEVENTF
  DDS generation severity level . . . . . . . . . . . :   20
  DDS flagging severity level . . . . . . . . . . . . :   00
  Authority . . . . . . . . . . . . . . . . . . . . . :   *LIBCRTAUT
  Replace file  . . . . . . . . . . . . . . . . . . . :   *YES
  Text  . . . . . . . . . . . . . . . . . . . . . . . :
  Compiler  . . . . . . . . . . . . . . . . . . . . . :   IBM System i5 Data Description Processor
                                       Data Description Source
  SEQNBR  *...+....1....+....2....+....3....+....4....+....5....+....6....+....7....+....8  Date
       1       A                                      DSPSIZ(24 80 *DS3)
       2       A                                      PRINT
       3       A                                      CA03(03 'Exit')
       4       A                                      CA05(05 'Refresh')
       5       A                                      CA06(06 'Add')
       6       A                                      CA12(12 'Cancel')
       7       A          R CVSFL                     SFL
       8       A  51                                  SFLNXTCHG
       9       A            SOPT           1A  B  8  2
      10       A  50                                  DSPATR(RI)
      11       A  50                                  DSPATR(PC)
      12       A            SFROM          5A  O  8  6
      13       A            STO            5A  O  8 12
      14       A            SFACT         15Y 6O  8 18EDTCDE(3)
      15       A          R CVCTL                     SFLCTL(CVSFL)
      16       A                                      SFLSIZ(0099)
      17       A                                      SFLPAG(0007)
      18       A                                      OVERLAY
      19       A                                      SFLDSPCTL
      20       A N31 30                               SFLDSP
      21       A  31                                  SFLCLR
      22       A N31 30                               SFLEND(*MORE)
      23       A                                  1 20'Work with Item UOM Conversions'
      24       A                                      DSPATR(HI)
      25       A                                  2  2'Company:'
      26       A            SCOMPDSP       3A  O  2 11
      27       A                                  2 20'Item Number:'
      28       A            SFITEM        25A  B  2 33
      29       A                                  2 59'(? = prompt)'
      30       A                                  4  2'Type option, press Enter.'
      31       A                                  5  4'2=Change   4=Delete'
      32       A                                  7  2'Opt'
      33       A                                      DSPATR(UL)
      34       A                                  7  6'From'
      35       A                                      DSPATR(UL)
      36       A                                  7 12'To'
      37       A                                      DSPATR(UL)
      38       A                                  7 27'Factor'
  5770SS1 V7R5M0  220415                  Data Description               PERPDEMO/WRKCNVD         8/16/26 17:35:52        Page    2
                                       Data Description Source
  SEQNBR  *...+....1....+....2....+....3....+....4....+....5....+....6....+....7....+....8  Date
      39       A                                      DSPATR(UL)
      40       A          R CVFOOT
      41       A                                 23  2'F3=Exit   F5=Refresh   F6=Add-
      42       A                                         F12=Cancel'
      43       A                                      COLOR(BLU)
      44       A          R CVNONE
      45       A                                      OVERLAY
      46       A                                 10 20'** No conversions for this it-
      47       A                                      em **'
      48       A          R CVNOITEM
      49       A                                      OVERLAY
      50       A                                 10 20'** Enter an item number to be-
      51       A                                      gin **'
      52       A          R CVEDIT
      53       A                                      OVERLAY
      54       A                                  1 25'Edit Item UOM Conversion'
      55       A                                      DSPATR(HI)
      56       A                                  2  2'Mode:'
      57       A            EMODE          1A  O  2  8
      58       A                                  3  2'From UOM:'
      59       A            EFROM          5A  B  3 13
      60       A                                  4  2'To UOM:'
      61       A            ETO            5A  B  4 13
      62       A                                  5  2'Factor:'
      63       A            EFACT         15Y 6B  5 13EDTCDE(3)
      64       A                                  6  2'Active:'
      65       A            EACTIVE        1A  B  6 13
      66       A                                 23  2'Enter=Save   F12=Cancel'
      67       A                                      COLOR(BLU)
      68       A          R CVMSGSFL                  SFL
      69       A                                      SFLMSGRCD(24)
      70       A            SMSGKEY                   SFLMSGKEY
      71       A            SPGMQ                     SFLPGMQ(10)
      72       A          R CVMSGCTL                  SFLCTL(CVMSGSFL)
      73       A                                      OVERLAY
      74       A N41 40                               SFLDSP
      75       A  41                                  SFLCLR
      76       A N41 40                               SFLEND
      77       A                                      SFLSIZ(0002)
      78       A                                      SFLPAG(0001)
                          * * * * *   E N D   O F   S O U R C E   * * * * *
  5770SS1 V7R5M0  220415                  Data Description               PERPDEMO/WRKCNVD         8/16/26 17:35:52        Page    3
                                           Expanded Source
                                                                                           Field       Buffer position
  SEQNBR  *...+....1....+....2....+....3....+....4....+....5....+....6....+....7....+....8 length        Out     In
       1                                              DSPSIZ(24 80 *DS3) PRINT +
       3                                              CA03(03 'Exit') CA05(05 'Refresh') +
       5                                              CA06(06 'Add') CA12(12 'Cancel')
                * Option indicator output buffer positions:
                *  *IN50 0002   *IN51 0001
                * Response indicator input buffer positions:
                *  *IN03 0001   *IN05 0002   *IN06 0003   *IN12 0004
       7                  R CVSFL                     SFL
       8          51                                  SFLNXTCHG
       9                    SOPT           1A  B  8  2                                         1            3       5
      10          50                                  DSPATR(RI)
      11          50                                  DSPATR(PC)
      12                    SFROM          5A  O  8  6                                         5            4       6
      13                    STO            5A  O  8 12                                         5            9      11
      14                    SFACT         15Y 6O  8 18EDTCDE(3)                               15           14      16
                * Option indicator output buffer positions:
                *  *IN30 0002   *IN31 0001
                * Response indicator input buffer positions:
                *  *IN03 0001   *IN05 0002   *IN06 0003   *IN12 0004
      15                  R CVCTL
                  *DS3                                SFLSIZ(0099) SFLPAG(007)
      15                                              SFLCTL(CVSFL) OVERLAY SFLDSPCTL
      20         N31 30                               SFLDSP
      21          31                                  SFLCLR
      22         N31 30                               SFLEND(*MORE)
      23                                          1 20'Work with Item UOM Conversions' +      30
      24                                              DSPATR(HI)
      25                                          2  2'Company:'                               8
      26                    SCOMPDSP       3A  O  2 11                                         3            3
      27                                          2 20'Item Number:'                          12
      28                    SFITEM        25A  B  2 33                                        25            6       5
      29                                          2 59'(? = prompt)'                          12
      30                                          4  2'Type option, press Enter.'             25
      31                                          5  4'2=Change   4=Delete'                   19
      32                                          7  2'Opt' DSPATR(UL)                         3
      34                                          7  6'From' DSPATR(UL)                        4
      36                                          7 12'To' DSPATR(UL)                          2
      38                                          7 27'Factor' DSPATR(UL)                      6
                * Response indicator input buffer positions:
                *  *IN03 0001   *IN05 0002   *IN06 0003   *IN12 0004
      40                  R CVFOOT
      41                                         23  2'F3=Exit   F5=Refresh   F6=Add   F1-    42
      41                                              2=Cancel' COLOR(BLU)
                * Response indicator input buffer positions:
                *  *IN03 0001   *IN05 0002   *IN06 0003   *IN12 0004
      44                  R CVNONE                    OVERLAY
      46                                         10 20'** No conversions for this item **-    34
      46                                              '
                * Response indicator input buffer positions:
                *  *IN03 0001   *IN05 0002   *IN06 0003   *IN12 0004
      48                  R CVNOITEM                  OVERLAY
      50                                         10 20'** Enter an item number to begin *-    35
      50                                              *'
  5770SS1 V7R5M0  220415                  Data Description               PERPDEMO/WRKCNVD         8/16/26 17:35:52        Page    4
                                           Expanded Source
                                                                                           Field       Buffer position
  SEQNBR  *...+....1....+....2....+....3....+....4....+....5....+....6....+....7....+....8 length        Out     In
                * Response indicator input buffer positions:
                *  *IN03 0001   *IN05 0002   *IN06 0003   *IN12 0004
      52                  R CVEDIT                    OVERLAY
      54                                          1 25'Edit Item UOM Conversion' +            24
      55                                              DSPATR(HI)
      56                                          2  2'Mode:'                                  5
      57                    EMODE          1A  O  2  8                                         1            1
      58                                          3  2'From UOM:'                              9
      59                    EFROM          5A  B  3 13                                         5            2       5
      60                                          4  2'To UOM:'                                7
      61                    ETO            5A  B  4 13                                         5            7      10
      62                                          5  2'Factor:'                                7
      63                    EFACT         15Y 6B  5 13EDTCDE(3)                               15           12      15
      64                                          6  2'Active:'                                7
      65                    EACTIVE        1A  B  6 13                                         1           27      30
      66                                         23  2'Enter=Save   F12=Cancel' +             23
      67                                              COLOR(BLU)
                * Response indicator input buffer positions:
                *  *IN03 0001   *IN05 0002   *IN06 0003   *IN12 0004
      68                  R CVMSGSFL
                  *DS3                                SFLMSGRCD(24)
      68                                              SFL
      70                    SMSGKEY                   SFLMSGKEY                                4            1       5
      71                    SPGMQ                     SFLPGMQ(10)                             10            5       9
                * Option indicator output buffer positions:
                *  *IN40 0002   *IN41 0001
                * Response indicator input buffer positions:
                *  *IN03 0001   *IN05 0002   *IN06 0003   *IN12 0004
      72                  R CVMSGCTL
                  *DS3                                SFLSIZ(0002) SFLPAG(001)
      72                                              SFLCTL(CVMSGSFL) OVERLAY
      74         N41 40                               SFLDSP
      75          41                                  SFLCLR
      76         N41 40                               SFLEND
                  * * * * *   E N D   O F   E X P A N D E D   S O U R C E   * * * * *
  5770SS1 V7R5M0  220415                  Data Description               PERPDEMO/WRKCNVD         8/16/26 17:35:52        Page    5
                                           Message Summary
     Total          Informational          Warning        Error       Severe
                        (0-9)              (10-19)       (20-29)      (30-99)
         0                 0                    0             0            0
 * CPC7301      00               Message . . . . :   File WRKCNVD created in library PERPDEMO.
                          * * * * *   E N D   O F   C O M P I L A T I O N   * * * * *
